
[program-account] {
  "exists": true,
  "executable": true,
  "owner": "BPFLoaderUpgradeab1e11111111111111111111111",
  "lamports": 1141440
}

[mint-authority-alignment] {
  "expectedAuthority": "9NbeDUSPdhC4ZgpefoqT3p48eLEyXknQJEm6v5pLGFQP",
  "beforeAuthority": "9NbeDUSPdhC4ZgpefoqT3p48eLEyXknQJEm6v5pLGFQP",
  "signer": "3fimeXDHiEK9oeJX6XM1rXNoavTCWhzbxNXVmwFzh6Kk",
  "skipAlign": false,
  "changed": false,
  "signature": null,
  "error": null,
  "afterAuthority": "9NbeDUSPdhC4ZgpefoqT3p48eLEyXknQJEm6v5pLGFQP",
  "ok": true
}

[pre-balances] {
  "wallet": "3fimeXDHiEK9oeJX6XM1rXNoavTCWhzbxNXVmwFzh6Kk",
  "sol": 202055400,
  "usdcRaw": "1000000000000",
  "mstbRaw": "0",
  "mstbSupplyRaw": "0",
  "userPosition": "BRiuUG7eBX1TKPQfCsgS8tyDc8W1vji9HbuKSaNfYzGk"
}

[oracle-refresh] {
  "attempted": true,
  "ok": false,
  "signature": null,
  "error": "Simulation failed. \nMessage: Transaction simulation failed: Error processing Instruction 0: custom program error: 0x1783. \nLogs: \n[\n  \"Program BSdLEPVKq1bxdLGx9HR2XSStdYhFeU3SdFGC2i4i2ps3 invoke [1]\",\n  \"Program log: AnchorError thrown in programs/microstable/src/lib.rs:2701. Error Code: OracleStale. Error Number: 6019. Error Message: Oracle input is stale.\",\n  \"Program BSdLEPVKq1bxdLGx9HR2XSStdYhFeU3SdFGC2i4i2ps3 consumed 29385 of 200000 compute units\",\n  \"Program BSdLEPVKq1bxdLGx9HR2XSStdYhFeU3SdFGC2i4i2ps3 failed: custom program error: 0x1783\"\n]. \nCatch the `SendTransactionError` and call `getLogs()` on it for full details.",
  "manualAttempted": true,
  "manualOk": true,
  "manualSignature": "XBLiyYXFJDZJm64V6dq1Vhzt3KdnL3uEhi6rVHuDu4MGX2dkn9YcQbLTGhVP1Fvrmxe353ZBosT2cpp6XqWBCcr",
  "manualError": null,
  "keeper": "2CuNvyo4zFUMhQn6USd8j9MDM8ZrZqJnAFURnTHJ3nZE"
}

[mint-fallback-failed] {
  "error": "Simulation failed. \nMessage: Transaction simulation failed: Error processing Instruction 1: custom program error: 0x1795. \nLogs: \n[\n  \"Program BSdLEPVKq1bxdLGx9HR2XSStdYhFeU3SdFGC2i4i2ps3 invoke [1]\",\n  \"Program BSdLEPVKq1bxdLGx9HR2XSStdYhFeU3SdFGC2i4i2ps3 consumed 33628 of 400000 compute units\",\n  \"Program BSdLEPVKq1bxdLGx9HR2XSStdYhFeU3SdFGC2i4i2ps3 success\",\n  \"Program BSdLEPVKq1bxdLGx9HR2XSStdYhFeU3SdFGC2i4i2ps3 invoke [1]\",\n  \"Program log: AnchorError thrown in programs/microstable/src/lib.rs:748. Error Code: OracleDegraded. Error Number: 6037. Error Message: Oracle is degraded.\",\n  \"Program BSdLEPVKq1bxdLGx9HR2XSStdYhFeU3SdFGC2i4i2ps3 consumed 48458 of 366372 compute units\",\n  \"Program BSdLEPVKq1bxdLGx9HR2XSStdYhFeU3SdFGC2i4i2ps3 failed: custom program error: 0x1795\"\n]. \nCatch the `SendTransactionError` and call `getLogs()` on it for full details.",
  "mode": "manual-oracle-refresh+mint"
}

[mint-failed] {
  "ok": false,
  "error": "Simulation failed. \nMessage: Transaction simulation failed: Error processing Instruction 0: custom program error: 0x1795. \nLogs: \n[\n  \"Program BSdLEPVKq1bxdLGx9HR2XSStdYhFeU3SdFGC2i4i2ps3 invoke [1]\",\n  \"Program log: AnchorError thrown in programs/microstable/src/lib.rs:748. Error Code: OracleDegraded. Error Number: 6037. Error Message: Oracle is degraded.\",\n  \"Program BSdLEPVKq1bxdLGx9HR2XSStdYhFeU3SdFGC2i4i2ps3 consumed 48458 of 200000 compute units\",\n  \"Program BSdLEPVKq1bxdLGx9HR2XSStdYhFeU3SdFGC2i4i2ps3 failed: custom program error: 0x1795\"\n]. \nCatch the `SendTransactionError` and call `getLogs()` on it for full details."
}

[redeem-failed] {
  "ok": false,
  "error": "No MSTB balance available for redeem test",
  "attemptedAmountRaw": "0"
}
Server responded with 429 Too Many Requests.  Retrying after 500ms delay...
Server responded with 429 Too Many Requests.  Retrying after 1000ms delay...
Server responded with 429 Too Many Requests.  Retrying after 2000ms delay...
Server responded with 429 Too Many Requests.  Retrying after 4000ms delay...

[register-agent-failed] {
  "ok": false,
  "error": "Insufficient SOL for register_agent. required=1050000000 current=0 airdropError=429 Too Many Requests:  {\"jsonrpc\":\"2.0\",\"error\":{\"code\": 429, \"message\":\"You've either reached your airdrop limit today or the airdrop faucet has run dry. Please visit https://faucet.solana.com for alternate sources of test SOL\"}, \"id\": \"d6c7d7e3-562d-4cc9-a612-c032109ac583\" } \r\n"
}

[summary] {
  "ok": false,
  "blockers": 3
}
wrote docs/evidence/week2-onchain-alignment-20260225/e2e-result-rerun3.json
wrote docs/evidence/week2-onchain-alignment-20260225/register-seed-probe-rerun3.json
