{
  "agent_health": {
    "auditor": {
      "failed_probes": 0,
      "failure_rate": 0.0,
      "last_activity_tick": -1,
      "last_response_ms": 0.0,
      "name": "auditor",
      "silent_ticks": 90,
      "status": "critical",
      "total_probes": 0
    },
    "keeper": {
      "failed_probes": 0,
      "failure_rate": 0.0,
      "last_activity_tick": -1,
      "last_response_ms": 0.0,
      "name": "keeper",
      "silent_ticks": 90,
      "status": "critical",
      "total_probes": 0
    },
    "watchdog": {
      "failed_probes": 0,
      "failure_rate": 0.0,
      "last_activity_tick": -1,
      "last_response_ms": 0.0,
      "name": "watchdog",
      "silent_ticks": 90,
      "status": "critical",
      "total_probes": 0
    }
  },
  "circuit_breaker": {
    "activation_counts": {
      "1": 0,
      "2": 0,
      "3": 0,
      "4": 0
    },
    "active": [],
    "consecutive_active_peak": 0,
    "consecutive_active_ticks": 0
  },
  "collateral_ratio": {
    "avg": 1.2057674324836303,
    "current": 1.201062667459566,
    "max": 1.2637433825834492,
    "min": 1.2009999999999998
  },
  "oracle": {
    "is_stale": false,
    "last_fresh_tick": 89,
    "stale_peak_ticks": 0,
    "stale_streak_ticks": 0
  },
  "peg": {
    "mae": 0.0003717375447142605,
    "max_error": 0.0011120092890654076,
    "samples": 90
  },
  "system": {
    "autograd_depth_cap": 256,
    "cpu_usage_ratio": 0.4580078125,
    "memory_bytes": 29523968
  },
  "tick": 89,
  "timestamp": "2026-02-22T04:57:39.829214+00:00",
  "transactions": {
    "failure_rate": 0.0,
    "failures": 0,
    "throughput_per_sec": 647491.1835334477,
    "total": 90
  }
}
